ninja: Entering directory `build'
[1/9] Building CXX object esp-idf/main/CMakeFiles/__idf_main.dir/boards/esp32-c6-super-mini/esp32_c6_super_mini.cc.obj
FAILED: esp-idf/main/CMakeFiles/__idf_main.dir/boards/esp32-c6-super-mini/esp32_c6_super_mini.cc.obj 
ccache C:\Users\frank\.espressif\tools\riscv32-esp-elf\esp-14.2.0_20251107\riscv32-esp-elf\bin\riscv32-esp-elf-g++.exe -DBOARD_NAME=\"esp32-c6-super-mini\" -DBOARD_TYPE=\"esp32-c6-super-mini\" -DBUILTIN_ICON_FONT=font_awesome_14_1 -DBUILTIN_TEXT_FONT=font_puhui_14_1 -DESP_PLATFORM -DIDF_VER=\"-128-NOTFOUND\" -DLV_CONF_INCLUDE_SIMPLE -DLV_LVGL_H_INCLUDE_SIMPLE -DMBEDTLS_CONFIG_FILE=\"mbedtls/esp_config.h\" -DSOC_MMU_PAGE_SIZE=CONFIG_MMU_PAGE_SIZE -DSOC_XTAL_FREQ_MHZ=CONFIG_XTAL_FREQ -D_GLIBCXX_HAVE_POSIX_SEMAPHORE -D_GLIBCXX_USE_POSIX_SEMAPHORE -D_GNU_SOURCE -D_POSIX_READER_WRITER_LOCKS -IC:/Users/frank/Music/xiaozhi-esp32-main/build/config -IC:/Users/frank/Music/xiaozhi-esp32-main/main -IC:/Users/frank/Music/xiaozhi-esp32-main/main/display -IC:/Users/frank/Music/xiaozhi-esp32-main/main/display/lvgl_display -IC:/Users/frank/Music/xiaozhi-esp32-main/main/display/lvgl_display/jpg -IC:/Users/frank/Music/xiaozhi-esp32-main/main/audio -IC:/Users/frank/Music/xiaozhi-esp32-main/main/audio/demuxer -IC:/Users/frank/Music/xiaozhi-esp32-main/main/protocols -IC:/Users/frank/Music/xiaozhi-esp32-main/main/boards/common -IC:/esp/.espressif/v5.5.2/esp-idf/components/newlib/platform_include -IC:/esp/.espressif/v5.5.2/esp-idf/components/freertos/config/include -IC:/esp/.espressif/v5.5.2/esp-idf/components/freertos/config/include/freertos -IC:/esp/.espressif/v5.5.2/esp-idf/components/freertos/config/riscv/include -IC:/esp/.espressif/v5.5.2/esp-idf/components/freertos/FreeRTOS-Kernel/include -IC:/esp/.espressif/v5.5.2/esp-idf/components/freertos/FreeRTOS-Kernel/portable/riscv/include -IC:/esp/.espressif/v5.5.2/esp-idf/components/freertos/FreeRTOS-Kernel/portable/riscv/include/freertos -IC:/esp/.espressif/v5.5.2/esp-idf/components/freertos/esp_additions/include -IC:/esp/.espressif/v5.5.2/esp-idf/components/esp_hw_support/include -IC:/esp/.espressif/v5.5.2/esp-idf/components/esp_hw_support/include/soc -IC:/esp/.espressif/v5.5.2/esp-idf/components/esp_hw_support/include/soc/esp32c6 -IC:/esp/.espressif/v5.5.2/esp-idf/components/esp_hw_support/dma/include -IC:/esp/.espressif/v5.5.2/esp-idf/components/esp_hw_support/ldo/include -IC:/esp/.espressif/v5.5.2/esp-idf/components/esp_hw_support/debug_probe/include -IC:/esp/.espressif/v5.5.2/esp-idf/components/esp_hw_support/mspi_timing_tuning/include -IC:/esp/.espressif/v5.5.2/esp-idf/components/esp_hw_support/mspi_timing_tuning/tuning_scheme_impl/include -IC:/esp/.espressif/v5.5.2/esp-idf/components/esp_hw_support/power_supply/include -IC:/esp/.espressif/v5.5.2/esp-idf/components/esp_hw_support/port/esp32c6/. -IC:/esp/.espressif/v5.5.2/esp-idf/components/esp_hw_support/port/esp32c6/include -IC:/esp/.espressif/v5.5.2/esp-idf/components/esp_hw_support/port/esp32c6/private_include -IC:/esp/.espressif/v5.5.2/esp-idf/components/heap/include -IC:/esp/.espressif/v5.5.2/esp-idf/components/heap/tlsf -IC:/esp/.espressif/v5.5.2/esp-idf/components/log/include -IC:/esp/.espressif/v5.5.2/esp-idf/components/soc/include -IC:/esp/.espressif/v5.5.2/esp-idf/components/soc/esp32c6 -IC:/esp/.espressif/v5.5.2/esp-idf/components/soc/esp32c6/include -IC:/esp/.espressif/v5.5.2/esp-idf/components/soc/esp32c6/register -IC:/esp/.espressif/v5.5.2/esp-idf/components/hal/platform_port/include -IC:/esp/.espressif/v5.5.2/esp-idf/components/hal/esp32c6/include -IC:/esp/.espressif/v5.5.2/esp-idf/components/hal/include -IC:/esp/.espressif/v5.5.2/esp-idf/components/esp_rom/include -IC:/esp/.espressif/v5.5.2/esp-idf/components/esp_rom/esp32c6/include -IC:/esp/.espressif/v5.5.2/esp-idf/components/esp_rom/esp32c6/include/esp32c6 -IC:/esp/.espressif/v5.5.2/esp-idf/components/esp_rom/esp32c6 -IC:/esp/.espressif/v5.5.2/esp-idf/components/esp_common/include -IC:/esp/.espressif/v5.5.2/esp-idf/components/esp_system/include -IC:/esp/.espressif/v5.5.2/esp-idf/components/esp_system/port/soc -IC:/esp/.espressif/v5.5.2/esp-idf/components/esp_system/port/include/riscv -IC:/esp/.espressif/v5.5.2/esp-idf/components/esp_system/port/include/private -IC:/esp/.espressif/v5.5.2/esp-idf/components/riscv/include -IC:/esp/.espressif/v5.5.2/esp-idf/components/esp_timer/include -IC:/esp/.espressif/v5.5.2/esp-idf/components/lwip/include -IC:/esp/.espressif/v5.5.2/esp-idf/components/lwip/include/apps -IC:/esp/.espressif/v5.5.2/esp-idf/components/lwip/include/apps/sntp -IC:/esp/.espressif/v5.5.2/esp-idf/components/lwip/lwip/src/include -IC:/esp/.espressif/v5.5.2/esp-idf/components/lwip/port/include -IC:/esp/.espressif/v5.5.2/esp-idf/components/lwip/port/freertos/include -IC:/esp/.espressif/v5.5.2/esp-idf/components/lwip/port/esp32xx/include -IC:/esp/.espressif/v5.5.2/esp-idf/components/lwip/port/esp32xx/include/arch -IC:/esp/.espressif/v5.5.2/esp-idf/components/lwip/port/esp32xx/include/sys -IC:/esp/.espressif/v5.5.2/esp-idf/components/esp_pm/include -IC:/esp/.espressif/v5.5.2/esp-idf/components/esp_psram/include -IC:/esp/.espressif/v5.5.2/esp-idf/components/esp_netif/include -IC:/esp/.espressif/v5.5.2/esp-idf/components/esp_event/include -IC:/esp/.espressif/v5.5.2/esp-idf/components/esp_driver_gpio/include -IC:/esp/.espressif/v5.5.2/esp-idf/components/esp_driver_uart/include -IC:/esp/.espressif/v5.5.2/esp-idf/components/vfs/include -IC:/esp/.espressif/v5.5.2/esp-idf/components/esp_driver_spi/include -IC:/esp/.espressif/v5.5.2/esp-idf/components/esp_driver_i2c/include -IC:/esp/.espressif/v5.5.2/esp-idf/components/esp_driver_i2s/include -IC:/esp/.espressif/v5.5.2/esp-idf/components/esp_driver_jpeg/include -IC:/esp/.espressif/v5.5.2/esp-idf/components/esp_driver_ppa/include -IC:/esp/.espressif/v5.5.2/esp-idf/components/esp_app_format/include -IC:/esp/.espressif/v5.5.2/esp-idf/components/app_update/include -IC:/esp/.espressif/v5.5.2/esp-idf/components/bootloader_support/include -IC:/esp/.espressif/v5.5.2/esp-idf/components/bootloader_support/bootloader_flash/include -IC:/esp/.espressif/v5.5.2/esp-idf/components/esp_bootloader_format/include -IC:/esp/.espressif/v5.5.2/esp-idf/components/esp_partition/include -IC:/esp/.espressif/v5.5.2/esp-idf/components/spi_flash/include -IC:/esp/.espressif/v5.5.2/esp-idf/components/console -IC:/esp/.espressif/v5.5.2/esp-idf/components/esp_vfs_console/include -IC:/esp/.espressif/v5.5.2/esp-idf/components/efuse/include -IC:/esp/.espressif/v5.5.2/esp-idf/components/efuse/esp32c6/include -IC:/esp/.espressif/v5.5.2/esp-idf/components/esp_wifi/include -IC:/esp/.espressif/v5.5.2/esp-idf/components/esp_wifi/include/local -IC:/esp/.espressif/v5.5.2/esp-idf/components/esp_wifi/wifi_apps/include -IC:/esp/.espressif/v5.5.2/esp-idf/components/esp_wifi/wifi_apps/nan_app/include -IC:/esp/.espressif/v5.5.2/esp-idf/components/esp_phy/include -IC:/esp/.espressif/v5.5.2/esp-idf/components/esp_phy/esp32c6/include -IC:/esp/.espressif/v5.5.2/esp-idf/components/fatfs/diskio -IC:/esp/.espressif/v5.5.2/esp-idf/components/fatfs/src -IC:/esp/.espressif/v5.5.2/esp-idf/components/fatfs/vfs -IC:/esp/.espressif/v5.5.2/esp-idf/components/wear_levelling/include -IC:/esp/.espressif/v5.5.2/esp-idf/components/sdmmc/include -IC:/esp/.espressif/v5.5.2/esp-idf/components/esp_driver_sdmmc/include -IC:/esp/.espressif/v5.5.2/esp-idf/components/esp_driver_sdspi/include -IC:/Users/frank/Music/xiaozhi-esp32-main/managed_components/78__esp-ml307/include -IC:/esp/.espressif/v5.5.2/esp-idf/components/esp-tls -IC:/esp/.espressif/v5.5.2/esp-idf/components/esp-tls/esp-tls-crypto -IC:/esp/.espressif/v5.5.2/esp-idf/components/mbedtls/port/include -IC:/esp/.espressif/v5.5.2/esp-idf/components/mbedtls/mbedtls/include -IC:/esp/.espressif/v5.5.2/esp-idf/components/mbedtls/mbedtls/library -IC:/esp/.espressif/v5.5.2/esp-idf/components/mbedtls/esp_crt_bundle/include -IC:/esp/.espressif/v5.5.2/esp-idf/components/mbedtls/mbedtls/3rdparty/everest/include -IC:/esp/.espressif/v5.5.2/esp-idf/components/mbedtls/mbedtls/3rdparty/p256-m -IC:/esp/.espressif/v5.5.2/esp-idf/components/mbedtls/mbedtls/3rdparty/p256-m/p256-m -IC:/esp/.espressif/v5.5.2/esp-idf/components/pthread/include -IC:/esp/.espressif/v5.5.2/esp-idf/components/mqtt/esp-mqtt/include -IC:/esp/.espressif/v5.5.2/esp-idf/components/tcp_transport/include -IC:/Users/frank/Music/xiaozhi-esp32-main/managed_components/78__esp-wifi-connect/include -IC:/esp/.espressif/v5.5.2/esp-idf/components/esp_http_server/include -IC:/esp/.espressif/v5.5.2/esp-idf/components/http_parser -IC:/esp/.espressif/v5.5.2/esp-idf/components/nvs_flash/include -IC:/esp/.espressif/v5.5.2/esp-idf/components/json/cJSON -IC:/Users/frank/Music/xiaozhi-esp32-main/managed_components/78__esp_lcd_nv3023/include -IC:/esp/.espressif/v5.5.2/esp-idf/components/esp_lcd/include -IC:/esp/.espressif/v5.5.2/esp-idf/components/esp_lcd/interface -IC:/esp/.espressif/v5.5.2/esp-idf/components/driver/deprecated -IC:/esp/.espressif/v5.5.2/esp-idf/components/driver/i2c/include -IC:/esp/.espressif/v5.5.2/esp-idf/components/driver/touch_sensor/include -IC:/esp/.espressif/v5.5.2/esp-idf/components/driver/twai/include -IC:/esp/.espressif/v5.5.2/esp-idf/components/esp_ringbuf/include -IC:/esp/.espressif/v5.5.2/esp-idf/components/esp_driver_pcnt/include -IC:/esp/.espressif/v5.5.2/esp-idf/components/esp_driver_gptimer/include -IC:/esp/.espressif/v5.5.2/esp-idf/components/esp_driver_mcpwm/include -IC:/esp/.espressif/v5.5.2/esp-idf/components/esp_driver_ana_cmpr/include -IC:/esp/.espressif/v5.5.2/esp-idf/components/esp_driver_sdio/include -IC:/esp/.espressif/v5.5.2/esp-idf/components/esp_driver_dac/include -IC:/esp/.espressif/v5.5.2/esp-idf/components/esp_driver_rmt/include -IC:/esp/.espressif/v5.5.2/esp-idf/components/esp_driver_tsens/include -IC:/esp/.espressif/v5.5.2/esp-idf/components/esp_driver_sdm/include -IC:/esp/.espressif/v5.5.2/esp-idf/components/esp_driver_ledc/include -IC:/esp/.espressif/v5.5.2/esp-idf/components/esp_driver_parlio/include -IC:/esp/.espressif/v5.5.2/esp-idf/components/esp_driver_usb_serial_jtag/include -IC:/esp/.espressif/v5.5.2/esp-idf/components/esp_driver_twai/include -IC:/Users/frank/Music/xiaozhi-esp32-main/managed_components/78__uart-eth-modem/include -IC:/esp/.espressif/v5.5.2/esp-idf/components/esp_mm/include -IC:/Users/frank/Music/xiaozhi-esp32-main/managed_components/espressif__iot_eth/include -IC:/Users/frank/Music/xiaozhi-esp32-main/managed_components/espressif__iot_eth/interface -IC:/Users/frank/Music/xiaozhi-esp32-main/managed_components/78__uart-uhci/include -IC:/Users/frank/Music/xiaozhi-esp32-main/managed_components/78__xiaozhi-fonts/include -IC:/Users/frank/Music/xiaozhi-esp32-main/managed_components/espressif__adc_battery_estimation/include -IC:/esp/.espressif/v5.5.2/esp-idf/components/esp_adc/include -IC:/esp/.espressif/v5.5.2/esp-idf/components/esp_adc/interface -IC:/esp/.espressif/v5.5.2/esp-idf/components/esp_adc/esp32c6/include -IC:/esp/.espressif/v5.5.2/esp-idf/components/esp_adc/deprecated/include -IC:/Users/frank/Music/xiaozhi-esp32-main/managed_components/espressif__button/include -IC:/Users/frank/Music/xiaozhi-esp32-main/managed_components/espressif__button/interface -IC:/Users/frank/Music/xiaozhi-esp32-main/managed_components/espressif__esp-sr/esp-tts/esp_tts_chinese/include -IC:/Users/frank/Music/xiaozhi-esp32-main/managed_components/espressif__esp-sr/include/esp32c6 -IC:/Users/frank/Music/xiaozhi-esp32-main/managed_components/espressif__esp-sr/src/include -IC:/esp/.espressif/v5.5.2/esp-idf/components/spiffs/include -IC:/Users/frank/Music/xiaozhi-esp32-main/managed_components/espressif__esp_audio_codec/include -IC:/Users/frank/Music/xiaozhi-esp32-main/managed_components/espressif__esp_audio_codec/include/decoder -IC:/Users/frank/Music/xiaozhi-esp32-main/managed_components/espressif__esp_audio_codec/include/decoder/impl -IC:/Users/frank/Music/xiaozhi-esp32-main/managed_components/espressif__esp_audio_codec/include/encoder -IC:/Users/frank/Music/xiaozhi-esp32-main/managed_components/espressif__esp_audio_codec/include/encoder/impl -IC:/Users/frank/Music/xiaozhi-esp32-main/managed_components/espressif__esp_audio_codec/include/simple_dec -IC:/Users/frank/Music/xiaozhi-esp32-main/managed_components/espressif__esp_audio_effects/include -IC:/Users/frank/Music/xiaozhi-esp32-main/managed_components/espressif__esp_codec_dev/include -IC:/Users/frank/Music/xiaozhi-esp32-main/managed_components/espressif__esp_codec_dev/interface -IC:/Users/frank/Music/xiaozhi-esp32-main/managed_components/espressif__esp_codec_dev/device/include -IC:/Users/frank/Music/xiaozhi-esp32-main/managed_components/espressif__esp_image_effects/include -IC:/Users/frank/Music/xiaozhi-esp32-main/managed_components/espressif__esp_io_expander_tca9554/include -IC:/Users/frank/Music/xiaozhi-esp32-main/managed_components/espressif__esp_io_expander/include -IC:/Users/frank/Music/xiaozhi-esp32-main/managed_components/espressif__esp_io_expander_tca95xx_16bit/include -IC:/Users/frank/Music/xiaozhi-esp32-main/managed_components/espressif__esp_lcd_axs15231b/include -IC:/Users/frank/Music/xiaozhi-esp32-main/managed_components/espressif__esp_lcd_touch/include -IC:/Users/frank/Music/xiaozhi-esp32-main/managed_components/espressif__esp_lcd_co5300/include -IC:/Users/frank/Music/xiaozhi-esp32-main/managed_components/espressif__esp_lcd_gc9a01/include -IC:/Users/frank/Music/xiaozhi-esp32-main/managed_components/espressif__esp_lcd_ili9341/include -IC:/Users/frank/Music/xiaozhi-esp32-main/managed_components/espressif__esp_lcd_panel_io_additions/include -IC:/Users/frank/Music/xiaozhi-esp32-main/managed_components/espressif__esp_lcd_spd2010/include -IC:/Users/frank/Music/xiaozhi-esp32-main/managed_components/espressif__esp_lcd_st77916/include -IC:/Users/frank/Music/xiaozhi-esp32-main/managed_components/espressif__esp_lcd_touch_cst816s/include -IC:/Users/frank/Music/xiaozhi-esp32-main/managed_components/espressif__esp_lcd_touch_ft5x06/include -IC:/Users/frank/Music/xiaozhi-esp32-main/managed_components/espressif__esp_lcd_touch_gt1151/include -IC:/Users/frank/Music/xiaozhi-esp32-main/managed_components/espressif__esp_lcd_touch_gt911/include -IC:/Users/frank/Music/xiaozhi-esp32-main/managed_components/espressif__esp_lcd_touch_st7123/include -IC:/Users/frank/Music/xiaozhi-esp32-main/managed_components/espressif__esp_lvgl_port/include -IC:/Users/frank/Music/xiaozhi-esp32-main/managed_components/lvgl__lvgl -IC:/Users/frank/Music/xiaozhi-esp32-main/managed_components/lvgl__lvgl/src -IC:/Users/frank/Music/xiaozhi-esp32-main/managed_components -IC:/Users/frank/Music/xiaozhi-esp32-main/managed_components/lvgl__lvgl/examples -IC:/Users/frank/Music/xiaozhi-esp32-main/managed_components/lvgl__lvgl/demos -IC:/Users/frank/Music/xiaozhi-esp32-main/managed_components/espressif__esp_mmap_assets/include -IC:/Users/frank/Music/xiaozhi-esp32-main/managed_components/espressif__esp_new_jpeg/include -IC:/Users/frank/Music/xiaozhi-esp32-main/managed_components/espressif__knob/include -IC:/Users/frank/Music/xiaozhi-esp32-main/managed_components/espressif__led_strip/include -IC:/Users/frank/Music/xiaozhi-esp32-main/managed_components/espressif__led_strip/interface -IC:/Users/frank/Music/xiaozhi-esp32-main/managed_components/espressif2022__esp_emote_expression/include -IC:/Users/frank/Music/xiaozhi-esp32-main/managed_components/espressif2022__esp_emote_gfx/include -IC:/Users/frank/Music/xiaozhi-esp32-main/managed_components/espressif2022__image_player/include -IC:/Users/frank/Music/xiaozhi-esp32-main/managed_components/tny-robotics__sh1106-esp-idf/include -IC:/Users/frank/Music/xiaozhi-esp32-main/managed_components/waveshare__custom_io_expander_ch32v003/include -IC:/Users/frank/Music/xiaozhi-esp32-main/managed_components/waveshare__esp_lcd_sh8601/include -IC:/Users/frank/Music/xiaozhi-esp32-main/managed_components/waveshare__esp_lcd_touch_cst9217/include -march=rv32imac_zicsr_zifencei  -fdiagnostics-color=always -Wno-missing-field-initializers -fdiagnostics-color=always -ffunction-sections -fdata-sections -Wall -Werror=all -Wno-error=unused-function -Wno-error=unused-variable -Wno-error=unused-but-set-variable -Wno-error=deprecated-declarations -Wextra -Wno-error=extra -Wno-unused-parameter -Wno-sign-compare -Wno-enum-conversion -gdwarf-4 -ggdb -nostartfiles -Os -freorder-blocks -fmacro-prefix-map=C:/Users/frank/Music/xiaozhi-esp32-main=. -fmacro-prefix-map=C:/esp/.espressif/v5.5.2/esp-idf=/IDF -fstrict-volatile-bitfields -fno-jump-tables -fno-tree-switch-conversion -std=gnu++2b -fexceptions -frtti -fuse-cxa-atexit -DESP_LCD_NV3023_VER_MAJOR=1 -DESP_LCD_NV3023_VER_MINOR=0 -DESP_LCD_NV3023_VER_PATCH=0 -DIOT_ETH_VER_MAJOR=0 -DIOT_ETH_VER_MINOR=1 -DIOT_ETH_VER_PATCH=0 -DADC_BATTERY_ESTIMATION_VER_MAJOR=0 -DADC_BATTERY_ESTIMATION_VER_MINOR=2 -DADC_BATTERY_ESTIMATION_VER_PATCH=1 -DBUTTON_VER_MAJOR=4 -DBUTTON_VER_MINOR=1 -DBUTTON_VER_PATCH=6 -DESP_LCD_AXS15231B_VER_MAJOR=1 -DESP_LCD_AXS15231B_VER_MINOR=0 -DESP_LCD_AXS15231B_VER_PATCH=1 -DESP_LCD_CO5300_VER_MAJOR=2 -DESP_LCD_CO5300_VER_MINOR=0 -DESP_LCD_CO5300_VER_PATCH=3 -DESP_LCD_GC9A01_VER_MAJOR=2 -DESP_LCD_GC9A01_VER_MINOR=0 -DESP_LCD_GC9A01_VER_PATCH=1 -DESP_LCD_ILI9341_VER_MAJOR=1 -DESP_LCD_ILI9341_VER_MINOR=2 -DESP_LCD_ILI9341_VER_PATCH=0 -DESP_LCD_PANEL_IO_ADDITIONS_VER_MAJOR=1 -DESP_LCD_PANEL_IO_ADDITIONS_VER_MINOR=0 -DESP_LCD_PANEL_IO_ADDITIONS_VER_PATCH=1 -DESP_LCD_SPD2010_VER_MAJOR=1 -DESP_LCD_SPD2010_VER_MINOR=0 -DESP_LCD_SPD2010_VER_PATCH=2 -DESP_LCD_ST77916_VER_MAJOR=1 -DESP_LCD_ST77916_VER_MINOR=0 -DESP_LCD_ST77916_VER_PATCH=1 -DESP_LCD_TOUCH_ST7123_VER_MAJOR=1 -DESP_LCD_TOUCH_ST7123_VER_MINOR=0 -DESP_LCD_TOUCH_ST7123_VER_PATCH=2 -DESP_MMAP_ASSETS_VER_MAJOR=1 -DESP_MMAP_ASSETS_VER_MINOR=4 -DESP_MMAP_ASSETS_VER_PATCH=0 -DKNOB_VER_MAJOR=1 -DKNOB_VER_MINOR=0 -DKNOB_VER_PATCH=2 -DESP_EMOTE_EXPRESSION_VER_MAJOR=0 -DESP_EMOTE_EXPRESSION_VER_MINOR=1 -DESP_EMOTE_EXPRESSION_VER_PATCH=0 -DESP_LCD_SH8601_VER_MAJOR=1 -DESP_LCD_SH8601_VER_MINOR=0 -DESP_LCD_SH8601_VER_PATCH=2 -MD -MT esp-idf/main/CMakeFiles/__idf_main.dir/boards/esp32-c6-super-mini/esp3
